// Jest Snapshot v1, https://goo.gl/fbAQLP

exports[`<HomeContainer /> tests should render and match the snapshot 1`] = `
<body>
  <div>
    <div
      class="HomeContainer__Container-l0s8pp-1 eLjtlX"
    >
      <div
        class="HomeContainer__RightContent-l0s8pp-2 ktRuf"
      >
        <div
          class="Clickable__StyledClickable-sc-19lp5om-0 avquq"
          data-testid="clickable"
        >
          <div
            class="Text__StyledText-ap7h6t-0 kCetqI"
            data-testid="text"
          >
            Go to Storybook
          </div>
        </div>
      </div>
      <div
        class="ant-card HomeContainer__CustomCard-l0s8pp-0 etQjAO ant-card-bordered"
        maxwidth="500"
      >
        <div
          class="ant-card-head"
        >
          <div
            class="ant-card-head-wrapper"
          >
            <div
              class="ant-card-head-title"
            >
              Repository Search
            </div>
          </div>
        </div>
        <div
          class="ant-card-body"
        >
          <div
            class="Text__StyledText-ap7h6t-0 hlCHn"
            data-testid="text"
          >
            Get details of repositories
          </div>
          <span
            class="ant-input-search ant-input-affix-wrapper"
          >
            <input
              class="ant-input"
              data-testid="search-bar"
              type="text"
              value=""
            />
            <span
              class="ant-input-suffix"
            >
              <i
                aria-label="icon: search"
                class="anticon anticon-search ant-input-search-icon"
                tabindex="-1"
              >
                <svg
                  aria-hidden="true"
                  class=""
                  data-icon="search"
                  fill="currentColor"
                  focusable="false"
                  height="1em"
                  viewBox="64 64 896 896"
                  width="1em"
                >
                  <path
                    d="M909.6 854.5L649.9 594.8C690.2 542.7 712 479 712 412c0-80.2-31.3-155.4-87.9-212.1-56.6-56.7-132-87.9-212.1-87.9s-155.5 31.3-212.1 87.9C143.2 256.5 112 331.8 112 412c0 80.1 31.3 155.5 87.9 212.1C256.5 680.8 331.8 712 412 712c67 0 130.6-21.8 182.7-62l259.7 259.6a8.2 8.2 0 0 0 11.6 0l43.6-43.5a8.2 8.2 0 0 0 0-11.6zM570.4 570.4C528 612.7 471.8 636 412 636s-116-23.3-158.4-65.6C211.3 528 188 471.8 188 412s23.3-116.1 65.6-158.4C296 211.3 352.2 188 412 188s116.1 23.2 158.4 65.6S636 352.2 636 412s-23.3 116.1-65.6 158.4z"
                  />
                </svg>
              </i>
            </span>
          </span>
        </div>
      </div>
      <div
        class="ant-card HomeContainer__CustomCard-l0s8pp-0 lglBtv ant-card-bordered"
        color="grey"
      >
        <div
          class="ant-card-head"
        >
          <div
            class="ant-card-head-wrapper"
          >
            <div
              class="ant-card-head-title"
            >
              Repository List
            </div>
          </div>
        </div>
        <div
          class="ant-card-body"
        >
          Search for a repository by entering it's name in the search box
        </div>
      </div>
    </div>
  </div>
</body>
`;
